_:genid1 <http://xmlns.com/foaf/0.1/name> "Manu Sporny" .
_:genid1 <http://xmlns.com/foaf/0.1/knows> _:genid2 .
_:genid2 <http://xmlns.com/foaf/0.1/name> "Ralph Swick" .
